I'm sorry, but errors were detected in your script. Please correct the
errors listed below, and try again.


File "game/main_inventory.rpy", line 16: u'w' is not a keyword argument or valid child for the for statement.
    w=item[0]
     ^

Ren'Py Version: Ren'Py 7.3.5.606
Mon Jun 01 19:07:27 2020
